/*
 Description:  Simple CDB Image Map  
 Author:       Glen Johnson gjohnson@vatcinc.com
*/
 
MAP
NAME "cdb-demo"
STATUS ON
SIZE 600 400
SYMBOLSET "../etc/symbols.txt"
EXTENT -83 27 -81 29
UNITS DD
SHAPEPATH "./data"
IMAGECOLOR 255 255 255
FONTSET "../etc/fonts.txt"
PROJECTION
  "init=epsg:4326"
END  

WEB
  IMAGEPATH "C:/EPIC_Ready/tmp/ms_tmp/" 
  IMAGEURL "/ms_tmp/"
  METADATA
    "wms_title"   		"EPIC CDB WMS Server"
    "wms_abstract"      	"This server was setup by Visual Awarness Technologies and Consulting Inc and powered by MapServer."      
    "wms_onlineresource" 	"http://127.0.0.1/cgi-bin/mapserv.exe?map=C:/EPIC_Ready/apps/cdb-demo/cdb-Vectors.map"
    "wms_service_onlineresource" "https://www.epicready.com/"    
    "wms_contactperson"		"Glen Johnson" 
    "wms_contactorganization"   "Visual Awarness Technology and Consulting Inc"
    "wms_contactposition"	"Director of Engineering"
    "wms_contactelectronicmailaddress" "info@vatcinc.com"
    "wms_srs"   		"EPSG:4326 EPSG:3857 EPSG:4269"
    "wms_feature_info_mime_type" "text/plain"
    "wms_enable_request" 	"*"
    "wfs_title"          "EPIC CDB WFS Server" ## REQUIRED
    "wfs_onlineresource" "http://127.0.0.1/cgi-bin/mapserv.exe?map=C:/EPIC_Ready/apps/cdb-demo/cdb-Vectors.map" ## Recommended
    "wfs_srs"            "EPSG:4326" ## Recommended
    "wfs_abstract"       "This server was setup by Visual Awarness Technologies and Consulting Inc and powered by MapServer." ## Recommended
	"wfs_keywordlist"    "CDB WFS"
	"wfs_fees"			 "none"
	"wfs_accessconstraints" "none"
    "wfs_enable_request" "*"  # necessary
    "wfs_service_onlineresource" "https://www.epicready.com/"    
    "wfs_contactperson"		"Glen Johnson" 
    "wfs_contactorganization"   "Visual Awarness Technology and Consulting Inc"
    "wfs_contactposition"	"Director of Engineering"
    "wfs_contactelectronicmailaddress" "info@vatcinc.com"
	"wfs_contactvoicetelephone" "321-696-3122"
	"wfs_contactfacsimiletelephone" "none"
	"wfs_address" "3611 Swann Ave"
	"wfs_city" "Tampa"
	"wfs_stateorprovince" "Florida"
	"wfs_postcode" "33609"
	"wfs_country" "United States"
	"wfs_hoursofservice" "all"
	"wfs_contactinstructions" "email"
	"wfs_role" "service"
  END
END

/* Imagery */
LAYER
  NAME "imagery"
  METADATA
    "wms_title" "Imagery"
    "wms_include_items" "all"
  END
  TYPE RASTER
  STATUS ON
  TILEINDEX "TPImageMapData"
  TILEITEM "Location"
  TEMPLATE "ttt.html"
END # layer

LAYER
  NAME "highwayCrv"
  METADATA
    "wms_title" "highwayCrv"
    "wms_include_items" "all"
    "wfs_title"         "highwayCrv" ##REQUIRED
    "wfs_srs"           "EPSG:4326" ## REQUIRED
    "gml_include_items" "all" ## Optional (serves all attributes for layer)
    "gml_featureid"     "fid" ## REQUIRED
     "wfs_enable_request" "*"
  END
  TYPE LINE
  STATUS ON
  CONNECTIONTYPE OGR
  TILEINDEX "TPVectorMapData.shp"
  TILEITEM "Location"
  DATA "highwayCrv"
  UTFITEM "fid"
  CLASSITEM 'highway'
  CLASS
	 EXPRESSION /motorway/
     STYLE
        COLOR 0 0 255
     END
  END
  CLASS
	 EXPRESSION /motorway_link/
     STYLE
        COLOR 0 0 255
     END
  END
  CLASS
	 EXPRESSION /primary/
     STYLE
        COLOR 128 0 0
     END
  END
  CLASS
	 EXPRESSION /primary_link/
     STYLE
        COLOR 128 0 0
     END
  END
  CLASS
	 EXPRESSION /secondary/
     STYLE
        COLOR 0 128 128
     END
  END
  CLASS
	 EXPRESSION /secondary_link/
     STYLE
        COLOR 0 128 128
     END
  END
  CLASS
	 EXPRESSION /tertiary/
     STYLE
        COLOR 255 0 255
     END
  END
  CLASS
	 EXPRESSION /tertiary_link/
     STYLE
        COLOR 255 0 255
     END
  END
  CLASS
	 EXPRESSION /residential/
     STYLE
        COLOR 128 0 128
     END
  END
  TEMPLATE "ttt.html"
END # layer

LAYER
  NAME "waterwayCrv"
  METADATA
    "wms_title" "waterwayCrv"
    "wms_include_items" "all"
    "wfs_title"         "waterwayCrv" ##REQUIRED
    "wfs_srs"           "EPSG:4326" ## REQUIRED
    "gml_include_items" "all" ## Optional (serves all attributes for layer)
    "gml_featureid"     "fid" ## REQUIRED
    "wfs_enable_request" "*"
  END
  TYPE LINE
  STATUS ON
  CONNECTIONTYPE OGR
  TILEINDEX "TPVectorMapData.shp"
  TILEITEM "Location"
  DATA "waterwayCrv"
  UTFITEM "fid"
  CLASSITEM 'waterway'
  CLASS
	 EXPRESSION /drain/
     STYLE
        COLOR 0 255 255
     END
  END
  CLASS
	 EXPRESSION /stream/
     STYLE
        COLOR 128 128 128
     END
  END
  CLASS
	 EXPRESSION /river/
     STYLE
        COLOR 0 0 128
     END
  END
  CLASS
	 EXPRESSION /riverbank/
     STYLE
        COLOR 0 128 128
     END
  END
  CLASS
	 EXPRESSION /dam/
     STYLE
        COLOR 255 251 240
     END
  END
  TEMPLATE "ttt.html"
END # layer

LAYER
  NAME "railwayCrv"
  METADATA
    "wms_title" "railwayCrv"
    "wms_include_items" "all"
    "wfs_title"         "railwayCrv" ##REQUIRED
    "wfs_srs"           "EPSG:4326" ## REQUIRED
    "gml_include_items" "all" ## Optional (serves all attributes for layer)
    "gml_featureid"     "fid" ## REQUIRED
    "wfs_enable_request" "*"
  END
  TYPE LINE
  STATUS ON
  CONNECTIONTYPE OGR
  TILEINDEX "TPVectorMapData.shp"
  TILEITEM "Location"
  DATA "railwayCrv"
  UTFITEM "fid"
  CLASSITEM 'railway'
  CLASS
	 EXPRESSION /light_rail/
     STYLE
        COLOR 0 0 128
     END
  END
  CLASS
	 EXPRESSION /rail/
     STYLE
        COLOR 0 0 0
     END
  END
  CLASS
	 EXPRESSION /abandoned/
     STYLE
        COLOR 255 128 64
     END
  END
  CLASS
	 EXPRESSION /subway/
     STYLE
        COLOR 0 128 128
     END
  END
  CLASS
	 EXPRESSION /disused/
     STYLE
        COLOR 255 0 255
     END
  END
  CLASS
	 EXPRESSION /turntable/
     STYLE
        COLOR 0 128 128
     END
  END
  CLASS
	 EXPRESSION /platform/
     STYLE
        COLOR 0 0 255
     END
  END
  CLASS
	 EXPRESSION /construction/
     STYLE
        COLOR 255 0 255
     END
  END
  TEMPLATE "ttt.html"
END # layer

LAYER
  NAME "powerCrv"
  METADATA
    "wms_title" "powerCrv"
    "wms_include_items" "all"
    "wfs_title"         "powerCrv" ##REQUIRED
    "wfs_srs"           "EPSG:4326" ## REQUIRED
    "gml_include_items" "all" ## Optional (serves all attributes for layer)
    "gml_featureid"     "fid" ## REQUIRED
    "wfs_enable_request" "*"
  END
  TYPE LINE
  STATUS ON
  CONNECTIONTYPE OGR
  TILEINDEX "TPVectorMapData.shp"
  TILEITEM "Location"
  DATA "powerCrv"
  UTFITEM "fid"
  CLASSITEM 'power'
  CLASS
	 EXPRESSION /line/
     STYLE
        COLOR 255 0 255
     END
  END
  CLASS
	 EXPRESSION /sub_station/
     STYLE
        COLOR 128 0 128
     END
  END
  CLASS
	 EXPRESSION /station/
     STYLE
        COLOR 128 0 0
     END
  END
  CLASS
	 EXPRESSION /minor_line/
     STYLE
        COLOR 128 128 0
     END
  END
  CLASS
	 EXPRESSION /generator/
     STYLE
        COLOR 255 0 0
     END
  END
  TEMPLATE "ttt.html"
END # layer

END # Map File
