/*
 Description:  Simple CDB Image Map  
 Author:       Glen Johnson gjohnson@vatcinc.com
*/
 
MAP
NAME "cdb-elevation"
STATUS ON
SIZE 1280 1024
SYMBOLSET "../etc/symbols.txt"
EXTENT -100 28 -97 31
UNITS DD
SHAPEPATH "./data"
IMAGECOLOR 255 255 255
FONTSET "../etc/fonts.txt"
PROJECTION
  "init=epsg:4326"
END

OUTPUTFORMAT 
   NAME GEOTIFF_float
   DRIVER "GDAL/GTiff"
   MIMETYPE "image/tiff"
   IMAGEMODE FLOAT32
   EXTENSION "tif"
END

OUTPUTFORMAT 
   NAME GEOTIFF_int 
   DRIVER "GDAL/GTiff"
   MIMETYPE "image/tiff; bits=16"
   IMAGEMODE INT16
   EXTENSION "tif"
END

WEB
  IMAGEPATH "C:/EPIC_Ready/tmp/ms_tmp/" 
  IMAGEURL "/ms_tmp/"
  METADATA
    "wms_title"   		"EPIC CDB OGC Services Server"
    "ows_title"   		"EPIC CDB OGC Services Server"
    "wms_abstract"      	"This server was setup by Visual Awarness Technologies and Consulting Inc and powered by MapServer."      
    "ows_abstract"      	"This server was setup by Visual Awarness Technologies and Consulting Inc and powered by MapServer."      
    "wms_onlineresource" 	"http://127.0.0.1/cgi-bin/mapserv.exe?map=C:/Program Files/Visual Awareness Technologies and Consulting Inc/apps/cdb-demo/cdb.map"
    "wms_service_onlineresource" "https://www.epicready.com/"    
    "wms_contactperson"		"Glen Johnson" 
    "wms_contactorganization"   "Visual Awarness Technology and Consulting Inc"
    "wms_contactposition"	"Director of Engineering"
    "wms_contactelectronicmailaddress" "info@vatcinc.com"
    "wms_srs"   		"EPSG:4326 EPSG:3857 EPSG:4269"
    "wms_feature_info_mime_type" "text/plain"
    "wms_enable_request" 	"*"
    "wcs_label"           "EPIC CDB OGC Services Server" ### required
    "wcs_description"     "This server was setup by Visual Awarness Technologies and Consulting Inc and powered by MapServer."
    "wcs_onlineresource"  "http://127.0.0.1/cgi-bin/mapserv.exe?" ### recommended
    "wcs_fees"            "none"
    "wcs_accessconstraints"    "none"
    "wcs_keywordlist"          "wcs,test"
    "wcs_metadatalink_type"    "TC211"
    "wcs_metadatalink_format"  "text/plain"
    "wcs_metadatalink_href"    "http://www.epic_ready.com"
    "wcs_address"              "3611 W Swann Ave"
    "wcs_city"                 "Tampa"
    "wcs_stateorprovince"      "FL"
    "wcs_postcode"             "33609"
    "wcs_country"              "United States"
    "wcs_contactelectronicmailaddress" "gjohnson@vatcinc.com"
    "wcs_contactperson"            "Glen Johnson"
    "wcs_contactorganization"      "Visual Awareness Technologies and Consulting Inc"
    "wcs_contactposition"          "Director of Engineering"
    "wcs_contactvoicetelephone"    "321-696-3122"
    "wcs_contactfacimiletelephone" "813-207-5055"
    "wcs_service_onlineresource"   "http://127.0.0.1/cgi-bin/mapserv.exe?"
    "wcs_enable_request"           "*"
	"wcs_formats" "GEOTIFF_float GEOTIFF_int"
	"wcs_nativeformat" "GeoTIFF"
  END
END

/* Elevation */
LAYER
  NAME "elevation"
  METADATA
    "wms_title" "Elevation"
    "wms_include_items" "all"
    "wcs_label"           "Elevation"  ### required
    "wcs_rangeset_name"   "Elevation"  ### required to support DescribeCoverage request
    "wcs_rangeset_label"  "WCS Elevation" ### required to support DescribeCoverage request
    "ows_srs" "EPSG:4326"
    "wcs_extent" "-100.0 28.0 -97.0 31.0"
    "wcs_size" "49152 49152"
    "wcs_imagemode" "FLOAT32"
    "wcs_bandcount" "1"
    "wcs_band_names" "Elevation"
	"wcs_formats" "GEOTIFF_float"
	"wcs_nativeformat" "GeoTIFF"
     #default values
    "wcs_band_interpretation"   "This is default interpretation"
    "wcs_band_uom"              "DefaultUOM"
    "wcs_band_definition"       "DefaultDefinition"
    "wcs_band_description"      "Elevation"
    "wcs_interval"              "-11000.0 9000.0"
    "wcs_significant_figures"   "12"
     #specific band values
	"BandA_band_interpretation" "Elevation"
	"BandA_band_uom"            "SpecificUOM"
	"BandA_band_definition"     "Earth Elevation in Meters"
	"BandA_band_description"    "This is a specific description"
	"BandA_interval"            "-11000.0 9000.0"
  END
  PROJECTION
     "init=epsg:4326"
  END  
  TYPE RASTER
  STATUS ON
  TILEINDEX "ElevationMapData"
  TILEITEM "Location"
  TEMPLATE "ttt.html"
END # layer

END # Map File
